../Core/Src/main.c:116:6:toggleLED	8	static
../Core/Src/main.c:131:5:main	16	static
../Core/Src/main.c:236:6:SystemClock_Config	88	static
../Core/Src/main.c:283:13:MX_ADC1_Init	56	static
../Core/Src/main.c:360:13:MX_GPIO_Init	48	static
../Core/Src/main.c:414:6:StartDefaultTask	16	static
../Core/Src/main.c:432:6:Task10ms	16	static
../Core/Src/main.c:496:6:Task100ms	16	static
../Core/Src/main.c:515:6:Error_Handler	4	static,ignoring_inline_asm
../Core/Src/main.c:526:6:HAL_ADC_ConvCpltCallback	16	static
